$structure
[1] ".((............))."

$mfe
[1] -0.2

[1] ">test_parse"                 "UCCUGACUGUGCGCUGGG"         
[3] ".((............)). ( -0.20)"
$structure
[1] ".((............))."

$mfe
[1] -0.2

+ step03_structure dispatched
2026-09-15 14:04:38 | Step 03 structure complete. vienna_fold=TRUE 
✔ step03_structure completed [5.5s, 2.26 kB]
+ step06_rbp_rank dispatched
2026-09-15 14:04:38 | Step 06 RBP ranking complete 
✔ step06_rbp_rank completed [216ms, 1.33 kB]
+ step07_mechanisms dispatched
2026-09-15 14:04:38 | Step 07 mechanism ranking complete 
✔ step07_mechanisms completed [63ms, 1.31 kB]
+ step07_summary dispatched

========== SHANK3 ASO MoA PIPELINE SUMMARY ==========
Genome build: GRCh38 only | Gene: SHANK3
Chemistry: PS + 2'-MOE + 5m-dC | architecture: unknown | RNase-H: unknown
Exact SHANK3 matches (rows): 13
Approximate SHANK3 matches (rows): 1
Transcriptome/genomic off-target hits recorded (chr22 screen): 2

--- ASO_4_5_2_4 ---
Top RBPs: PTBP2, RBFOX1, RBFOX3, SRSF1, AGO2
Top mechanism hypothesis: RBP occlusion
RNase-H supported/unsupported/unknown: unknown (unsupported by chemistry assumption; architecture unknown; phenotype directionally inconsistent with simple on-target RNase-H knockdown)

--- ASO_4_5_2_6 ---
Top RBPs: PTBP2, RBFOX1, RBFOX3, SRSF1, AGO2
Top mechanism hypothesis: RBP occlusion
RNase-H supported/unsupported/unknown: unknown (unsupported by chemistry assumption; architecture unknown; phenotype directionally inconsistent with simple on-target RNase-H knockdown)

Missing info for definitive interpretation:
  - ASO architecture (gapmer vs mixmer vs fully MOE, etc.)
  - Experimental confirmation of on-target engagement (e.g., LNA/ASO-seq, rsmapping)
  - Neuron/NPC eCLIP peak overlaps at the precise site
  - Quantitative expression of candidate RBPs in the treated cell system
  - Structure probing ± ASO with matched chemistry
  - Functional genetics (RBP KD/OE epistasis with ASO)
====================================================

✔ step07_summary completed [58ms, 111 B]
+ render_reports dispatched
! LaTeX Error: Unicode character − (U+2212)
               not set up for use with LaTeX.

Try other LaTeX engines instead (e.g., xelatex) if you are using pdflatex. See https://bookdown.org/yihui/rmarkdown-cookbook/latex-unicode.html
2026-09-15 14:04:41 | PDF render failed: LaTeX failed to compile FINAL_SHANK3_ASO_MECHANISM_REPORT.tex. See https://yihui.org/tinytex/r/#debugging for debugging tips. See FINAL_SHANK3_ASO_MECHANISM_REPORT.log for more info. 
✔ render_reports completed [3s, 373 B]
✔ ended pipeline [11.3s, 5 completed, 7 skipped]
