$structure
[1] "...((...))"

$mfe
[1] -1.2

+ step03_structure dispatched
2026-09-15 14:01:45 | Step 03 structure complete. vienna_fold=TRUE 
✔ step03_structure completed [303ms, 1.87 kB]
+ step05_tf dispatched
2026-09-15 14:01:45 | Step 05 TF/chromatin skipped (non-regulatory context) 
✔ step05_tf completed [41ms, 565 B]
+ step06_rbp_rank dispatched
2026-09-15 14:01:45 | Step 06 RBP ranking complete 
✔ step06_rbp_rank completed [216ms, 1.33 kB]
+ step07_mechanisms dispatched
2026-09-15 14:01:45 | Step 07 mechanism ranking complete 
✔ step07_mechanisms completed [68ms, 1.31 kB]
+ step07_validation dispatched
✔ step07_validation completed [183ms, 1.34 kB]
+ step07_summary dispatched

========== SHANK3 ASO MoA PIPELINE SUMMARY ==========
Genome build: GRCh38 only | Gene: SHANK3
Chemistry: PS + 2'-MOE + 5m-dC | architecture: unknown | RNase-H: unknown
Exact SHANK3 matches (rows): 13
Approximate SHANK3 matches (rows): 1
Transcriptome/genomic off-target hits recorded (chr22 screen): 2

--- ASO_4_5_2_4 ---
Top RBPs: PTBP2, RBFOX1, RBFOX3, SRSF1, AGO2
Top mechanism hypothesis: RBP occlusion
RNase-H supported/unsupported/unknown: unknown (unsupported by chemistry assumption; architecture unknown; phenotype directionally inconsistent with simple on-target RNase-H knockdown)

--- ASO_4_5_2_6 ---
Top RBPs: PTBP2, RBFOX1, RBFOX3, SRSF1, AGO2
Top mechanism hypothesis: RBP occlusion
RNase-H supported/unsupported/unknown: unknown (unsupported by chemistry assumption; architecture unknown; phenotype directionally inconsistent with simple on-target RNase-H knockdown)

Missing info for definitive interpretation:
  - ASO architecture (gapmer vs mixmer vs fully MOE, etc.)
  - Experimental confirmation of on-target engagement (e.g., LNA/ASO-seq, rsmapping)
  - Neuron/NPC eCLIP peak overlaps at the precise site
  - Quantitative expression of candidate RBPs in the treated cell system
  - Structure probing ± ASO with matched chemistry
  - Functional genetics (RBP KD/OE epistasis with ASO)
====================================================

✔ step07_summary completed [63ms, 111 B]
+ render_reports dispatched

Quitting from FINAL_SHANK3_ASO_MECHANISM_REPORT.Rmd:47-47
2026-09-15 14:01:47 | Render failed for report/FINAL_SHANK3_ASO_MECHANISM_REPORT.Rmd: Failed to parse the inline R code: `r paste(vapply(cfg$asos, `
Reason: <text>:2:0: unexpected end of input
1: paste(vapply(cfg$asos, 
   ^ 

Quitting from FINAL_SHANK3_ASO_MECHANISM_REPORT.Rmd:47-47
2026-09-15 14:01:47 | PDF render failed: Failed to parse the inline R code: `r paste(vapply(cfg$asos, `
Reason: <text>:2:0: unexpected end of input
1: paste(vapply(cfg$asos, 
   ^ 
✔ render_reports completed [1.8s, 382 B]
✔ ended pipeline [5s, 7 completed, 5 skipped]
